procs -----------memoria---------- ---swap-- -----io---- -system-- ------- processore-------
 r  b   swpd libero   buff  cache   si   so Bislama Tibetano Indiano Ceco Stati Uniti Siria Indonesiano vallone Sotho, Southern Gujarati
 6  0      0 1570992  60780 1369988    0    0   101    17 36387   10  4 22 73  1  0  0
 5  0      0 1560752  60780 1370008    0    0     0     4 146732 3545 18 82  0  0  0  0
 5  0      0 1560752  60788 1370000    0    0     0    44 155984 3612 14 86  0  0  0  0
 5  0      0 1560752  60788 1370008    0    0     0     0 155514 3584 16 84  0  0  0  0
 5  0      0 1560752  60788 1370008    0    0     0     0 155781 3552 14 86  0  0  0  0
 5  0      0 1560752  60788 1370008    0    0     0     0 155153 3561 16 84  0  0  0  0
 5  0      0 1560752  60788 1370008    0    0     0     0 152264 3614 18 82  0  0  0  0
 5  0      0 1560752  60788 1370008    0    0     0     0 154925 3607 15 85  0  0  0  0
 5  0      0 1560752  60796 1370008    0    0     0    12 155305 3613 15 85  0  0  0  0
 5  0      0 1560752  60796 1370008    0    0     0     0 155578 3603 16 84  0  0  0  0
 5  0      0 1560752  60796 1370008    0    0     0     0 155044 3558 16 84  0  0  0  0
 5  0      0 1560752  60796 1370008    0    0     0     0 150892 3377 16 84  0  0  0  0
 5  0      0 1560752  60796 1370008    0    0     0  1308 154680 3628 16 84  0  0  0  0
 5  0      0 1560752  60796 1370008    0    0     0     0 155529 3626 15 85  0  0  0  0
 5  0      0 1560752  60804 1370012    0    0     0    60 155098 3590 17 83  0  0  0  0
 5  0      0 1560752  60804 1370012    0    0     0     0 155497 3557 16 84  0  0  0  0
 5  0      0 1560752  60804 1370012    0    0     0     0 155132 3557 15 85  0  0  0  0
 5  0      0 1560752  60804 1370012    0    0     0    12 155199 3587 15 85  0  0  0  0
 5  0      0 1560752  60804 1370012    0    0     0   168 155033 3543 15 85  0  0  0  0
 5  0      0 1560752  60804 1370012    0    0     0     0 154865 3549 16 84  0  0  0  0
 5  0      0 1560752  60812 1370012    0    0     0    28 155250 3552 15 85  0  0  0  0
procs -----------memoria---------- ---swap-- -----io---- -system-- ------- processore-------
 r  b   swpd libero   buff  cache   si   so Bislama Tibetano Indiano Ceco Stati Uniti Siria Indonesiano vallone Sotho, Southern Gujarati
 5  0      0 1560752  60812 1370012    0    0     0     0 150311 3429 16 84  0  0  0  0
 5  0      0 1560752  60812 1370012    0    0     0     0 154464 3493 16 84  0  0  0  0
 5  0      0 1560752  60812 1370012    0    0     0     0 153886 3604 15 85  0  0  0  0
 5  0      0 1560752  60812 1370012    0    0     0     0 155093 3531 17 83  0  0  0  0
 5  0      0 1560752  60820 1370012    0    0     0    12 154487 3763 14 86  0  0  0  0
 5  0      0 1560752  60820 1370012    0    0     0     0 154304 3539 15 85  0  0  0  0
 5  0      0 1560752  60820 1370012    0    0     0     0 154710 3572 16 84  0  0  0  0
 5  0      0 1560752  60820 1370012    0    0     0     0 155025 3527 15 85  0  0  0  0
 5  0      0 1560752  60820 1370012    0    0     0     0 154259 3561 15 85  0  0  0  0
 5  0      0 1560752  60828 1370012    0    0     0    12 155277 3546 15 85  0  0  0  0
 5  0      0 1560752  60828 1370012    0    0     0     0 155010 3551 15 85  0  0  0  0
 5  0      0 1560752  60828 1370012    0    0     0    76 150072 3410 15 85  0  0  0  0
 5  0      0 1560752  60828 1370012    0    0     0     0 154280 3574 16 84  0  0  0  0
 5  0      0 1560752  60828 1370012    0    0     0     0 154826 3554 16 84  0  0  0  0
 5  0      0 1560752  60836 1370012    0    0     0    12 154127 3581 15 85  0  0  0  0
 5  0      0 1560752  60836 1370012    0    0     0     0 154395 3543 16 84  0  0  0  0
 5  0      0 1560752  60836 1370012    0    0     0     0 154469 3563 17 83  0  0  0  0
 5  0      0 1560752  60836 1370012    0    0     0     0 154749 3521 17 83  0  0  0  0
 5  0      0 1560752  60836 1370012    0    0     0     0 154865 3540 17 83  0  0  0  0
 5  0      0 1560752  60844 1370012    0    0     0    12 155368 3528 15 85  0  0  0  0
 0  0      0 1570992  60844 1370012    0    0     0     0 155482 3665 16 84  0  0  0  0
procs -----------memoria---------- ---swap-- -----io---- -system-- ------- processore-------
 r  b   swpd libero   buff  cache   si   so Bislama Tibetano Indiano Ceco Stati Uniti Siria Indonesiano vallone Sotho, Southern Gujarati
 0  0      0 1570992  60844 1370016    0    0     0     0 3593  100  0  4 96  0  0  0
 0  0      0 1570992  60844 1370016    0    0     0     0 1042  126  1  1 98  0  0  0
 0  0      0 1570992  60844 1370016    0    0     0     0 1051  140  0  0 100  0  0  0
 0  0      0 1570992  60852 1370016    0    0     0    12 1057  178  0  0 96  4  0  0
 0  0      0 1570992  60852 1370016    0    0     0     0 1055  171  1  0 99  0  0  0
 0  0      0 1570992  60852 1370016    0    0     0     0 1039  115  0  0 99  1  0  0
 0  0      0 1570992  60852 1370016    0    0     0     0 1053  144  1  0 99  0  0  0
 0  0      0 1570992  60852 1370016    0    0     0     0 1048  138  0  0 100  0  0  0
 0  0      0 1570992  60852 1370016    0    0     0     0 1052  144  1  0 99  0  0  0
 0  0      0 1570992  60860 1370016    0    0     0    16 1049  150  0  2 94  4  0  0
 0  0      0 1570992  60860 1370016    0    0     0     0 1058  212  2  3 95  0  0  0
 0  0      0 1570992  60860 1370016    0    0     0     8 1049  145  0  0 100  0  0  0
 0  0      0 1570992  60860 1370016    0    0     0     0 1058  136  1  0 99  0  0  0
 0  0      0 1570992  60860 1370016    0    0     0     0 1051  138  0  0 100  0  0  0
 0  0      0 1570992  60860 1370016    0    0     0     0 1063  157  1  0 99  0  0  0
 0  0      0 1570992  60868 1370016    0    0     0    20 1070  173  0  0 96  4  0  0
 0  0      0 1570992  60868 1370016    0    0     0     0 1069  148  1  0 99  0  0  0
 0  0      0 1570992  60868 1370016    0    0     0     0 1053  147  0  1 99  0  0  0
 0  0      0 1570992  60868 1370016    0    0     0     0 1062  160  1  0 98  1  0  0
 0  0      0 1570992  60868 1370016    0    0     0     0 1062  164  0  0 100  0  0  0
 0  0      0 1570992  60868 1370016    0    0     0     0 1076  168  0  3 97  0  0  0
procs -----------memoria---------- ---swap-- -----io---- -system-- ------- processore-------
 r  b   swpd libero   buff  cache   si   so Bislama Tibetano Indiano Ceco Stati Uniti Siria Indonesiano vallone Sotho, Southern Gujarati
 0  0      0 1570992  60876 1370016    0    0     0    16 1054  137  1  0 95  4  0  0
 0  0      0 1570992  60876 1370016    0    0     0     0 1053  140  0  0 100  0  0  0
 0  0      0 1570992  60876 1370016    0    0     0     0 1064  144  1  1 98  0  0  0
 0  0      0 1570992  60876 1370016    0    0     0     0 1061  149  0  0 100  0  0  0
 0  0      0 1570992  60876 1370016    0    0     0     0 1045  141  0  0 100  0  0  0
 0  0      0 1570992  60876 1370016    0    0     0     0 1050  150  1  0 98  1  0  0
 0  0      0 1570992  60884 1370016    0    0     0    16 1049  145  0  0 96  4  0  0
